[assembly: System.Reflection.AssemblyMetadata("RepositoryUrl", "https://github.com/aweXpect/aweXpect.Reflection.git")]
[assembly: System.Runtime.CompilerServices.InternalsVisibleTo(@"aweXpect.Reflection.Internal.Tests, PublicKey=00240000048000009400000006020000002400005253413100040000010001002ddc851a03b64bc2a64705e04ea47777e669695d8afed80f7544ff34fc699706a9f99f8385085bd675508e4c2acb917b7e1c9984da918c3fab585850a8a5b013c1d1780e1bb9e1e46656d965fc35bfc237a929c2c94e2e998d66ca44ee0a526245ef3f97dd136efe2e657b244b5f9f4a233fe656d659dddd811ba6bbed6817c1")]
[assembly: System.Runtime.Versioning.TargetFramework(".NETStandard,Version=v2.0", FrameworkDisplayName=".NET Standard 2.0")]
namespace aweXpect.Reflection.Collections
{
    [System.Flags]
    public enum AccessModifiers
    {
        Internal = 1,
        Protected = 2,
        Private = 4,
        Public = 8,
        Any = 15,
    }
    public static class Filtered
    {
        public class Assemblies : aweXpect.Reflection.Collections.Filtered<System.Reflection.Assembly, aweXpect.Reflection.Collections.Filtered.Assemblies>, aweXpect.Core.IDescribableSubject
        {
            public Assemblies(System.Collections.Generic.IEnumerable<System.Reflection.Assembly?> source, string description) { }
            public Assemblies(System.Reflection.Assembly? source, string description) { }
            public string GetDescription() { }
            public aweXpect.Reflection.Collections.Filtered.Types Types() { }
        }
        public class Constructors : aweXpect.Reflection.Collections.Filtered<System.Reflection.ConstructorInfo, aweXpect.Reflection.Collections.Filtered.Constructors>, aweXpect.Core.IDescribableSubject
        {
            public string GetDescription() { }
            public aweXpect.Reflection.Collections.Filtered.Types Types() { }
        }
        public class Events : aweXpect.Reflection.Collections.Filtered<System.Reflection.EventInfo, aweXpect.Reflection.Collections.Filtered.Events>, aweXpect.Core.IDescribableSubject
        {
            public string GetDescription() { }
            public aweXpect.Reflection.Collections.Filtered.Types Types() { }
        }
        public class Fields : aweXpect.Reflection.Collections.Filtered<System.Reflection.FieldInfo, aweXpect.Reflection.Collections.Filtered.Fields>, aweXpect.Core.IDescribableSubject
        {
            public string GetDescription() { }
            public aweXpect.Reflection.Collections.Filtered.Types Types() { }
        }
        public class Methods : aweXpect.Reflection.Collections.Filtered<System.Reflection.MethodInfo, aweXpect.Reflection.Collections.Filtered.Methods>, aweXpect.Core.IDescribableSubject
        {
            public string GetDescription() { }
            public aweXpect.Reflection.Collections.Filtered.Types Types() { }
        }
        public class Properties : aweXpect.Reflection.Collections.Filtered<System.Reflection.PropertyInfo, aweXpect.Reflection.Collections.Filtered.Properties>, aweXpect.Core.IDescribableSubject
        {
            public string GetDescription() { }
            public aweXpect.Reflection.Collections.Filtered.Types Types() { }
        }
        public class Types : aweXpect.Reflection.Collections.Filtered<System.Type, aweXpect.Reflection.Collections.Filtered.Types>, aweXpect.Core.IDescribableSubject
        {
            protected Types(aweXpect.Reflection.Collections.Filtered.Types inner) { }
            public aweXpect.Reflection.Collections.Filtered.Assemblies Assemblies() { }
            public aweXpect.Reflection.Collections.Filtered.Constructors Constructors() { }
            public aweXpect.Reflection.Collections.Filtered.Events Events() { }
            public aweXpect.Reflection.Collections.Filtered.Fields Fields() { }
            public string GetDescription() { }
            public aweXpect.Reflection.Collections.Filtered.Methods Methods() { }
            public aweXpect.Reflection.Collections.Filtered.Properties Properties() { }
            public class StringEqualityResult : aweXpect.Reflection.Collections.Filtered.Types
            {
                public StringEqualityResult(aweXpect.Reflection.Collections.Filtered.Types inner, aweXpect.Options.StringEqualityOptions options) { }
                public aweXpect.Reflection.Collections.Filtered.Types.StringEqualityResult IgnoringCase(bool ignoreCase = true) { }
                public aweXpect.Reflection.Collections.Filtered.Types.StringEqualityResult IgnoringLeadingWhiteSpace(bool ignoreLeadingWhiteSpace = true) { }
                public aweXpect.Reflection.Collections.Filtered.Types.StringEqualityResult IgnoringTrailingWhiteSpace(bool ignoreTrailingWhiteSpace = true) { }
                public aweXpect.Reflection.Collections.Filtered.Types.StringEqualityResult Using(System.Collections.Generic.IEqualityComparer<string> comparer) { }
            }
            public class StringEqualityResultType : aweXpect.Reflection.Collections.Filtered.Types.StringEqualityResult
            {
                public StringEqualityResultType(aweXpect.Reflection.Collections.Filtered.Types inner, aweXpect.Options.StringEqualityOptions options) { }
                public aweXpect.Reflection.Collections.Filtered.Types.StringEqualityResult AsPrefix() { }
                public aweXpect.Reflection.Collections.Filtered.Types.StringEqualityResult AsRegex() { }
                public aweXpect.Reflection.Collections.Filtered.Types.StringEqualityResult AsSuffix() { }
                public aweXpect.Reflection.Collections.Filtered.Types.StringEqualityResult AsWildcard() { }
                public aweXpect.Reflection.Collections.Filtered.Types.StringEqualityResult Exactly() { }
            }
        }
    }
    public static class FilteredExtensions
    {
        public static aweXpect.Reflection.Collections.Filtered.Types AbstractTypes(this aweXpect.Reflection.Collections.Filtered.Assemblies assemblies, aweXpect.Reflection.Collections.AccessModifiers accessModifier = 15) { }
        public static aweXpect.Reflection.Collections.Filtered.Types NestedTypes(this aweXpect.Reflection.Collections.Filtered.Assemblies assemblies, aweXpect.Reflection.Collections.AccessModifiers accessModifier = 15) { }
        public static aweXpect.Reflection.Collections.Filtered.Types SealedTypes(this aweXpect.Reflection.Collections.Filtered.Assemblies assemblies, aweXpect.Reflection.Collections.AccessModifiers accessModifier = 15) { }
        public static aweXpect.Reflection.Collections.Filtered.Types StaticTypes(this aweXpect.Reflection.Collections.Filtered.Assemblies assemblies, aweXpect.Reflection.Collections.AccessModifiers accessModifier = 15) { }
        public static aweXpect.Reflection.Collections.Filtered.Types WhichInheritFrom(this aweXpect.Reflection.Collections.Filtered.Types @this, System.Type baseType, bool forceDirect = false) { }
        public static aweXpect.Reflection.Collections.Filtered.Types WhichInheritFrom<TBaseType>(this aweXpect.Reflection.Collections.Filtered.Types @this, bool forceDirect = false) { }
        public static aweXpect.Reflection.Collections.Filtered.Assemblies WhichSatisfy(this aweXpect.Reflection.Collections.Filtered.Assemblies assemblies, System.Func<System.Reflection.Assembly, bool> predicate, [System.Runtime.CompilerServices.CallerArgumentExpression("predicate")] string doNotPopulateThisValue = "") { }
        public static aweXpect.Reflection.Collections.Filtered.Methods With<TAttribute>(this aweXpect.Reflection.Collections.Filtered.Methods @this, bool inherit = true)
            where TAttribute : System.Attribute { }
        public static aweXpect.Reflection.Collections.Filtered.Types With<TAttribute>(this aweXpect.Reflection.Collections.Filtered.Types @this, bool inherit = true)
            where TAttribute : System.Attribute { }
        public static aweXpect.Reflection.Collections.Filtered.Methods With<TAttribute>(this aweXpect.Reflection.Collections.Filtered.Methods @this, System.Func<TAttribute, bool>? predicate, bool inherit = true, [System.Runtime.CompilerServices.CallerArgumentExpression("predicate")] string doNotPopulateThisValue = "")
            where TAttribute : System.Attribute { }
        public static aweXpect.Reflection.Collections.Filtered.Types With<TAttribute>(this aweXpect.Reflection.Collections.Filtered.Types @this, System.Func<TAttribute, bool>? predicate, bool inherit = true, [System.Runtime.CompilerServices.CallerArgumentExpression("predicate")] string doNotPopulateThisValue = "")
            where TAttribute : System.Attribute { }
        public static aweXpect.Reflection.Collections.Filtered.Types.StringEqualityResultType WithName(this aweXpect.Reflection.Collections.Filtered.Types @this, string expected) { }
        public static aweXpect.Reflection.Collections.Filtered.Types.StringEqualityResultType WithNamespace(this aweXpect.Reflection.Collections.Filtered.Types @this, string expected) { }
    }
    public abstract class Filtered<T, TFiltered> : System.Collections.Generic.IEnumerable<T>, System.Collections.IEnumerable
        where TFiltered : aweXpect.Reflection.Collections.Filtered<T, TFiltered>
    {
        protected Filtered(System.Collections.Generic.IEnumerable<T> source, System.Collections.Generic.List<aweXpect.Reflection.Collections.IFilter<T>>? filters = null) { }
        protected System.Collections.Generic.List<aweXpect.Reflection.Collections.IFilter<T>> Filters { get; }
        public System.Collections.Generic.IEnumerator<T> GetEnumerator() { }
        public TFiltered Which(aweXpect.Reflection.Collections.IFilter<T> filter) { }
        public TFiltered Which(System.Func<T, bool> predicate, [System.Runtime.CompilerServices.CallerArgumentExpression("predicate")] string doNotPopulateThisValue = "") { }
    }
    public interface IFilter<in TEntity>
    {
        bool Applies(TEntity type);
        string Describes(string text);
    }
}
namespace aweXpect.Reflection
{
    public static class In
    {
        public static aweXpect.Reflection.Collections.Filtered.Assemblies AllLoadedAssemblies() { }
        public static aweXpect.Reflection.Collections.Filtered.Assemblies Assemblies(System.Collections.Generic.IEnumerable<System.Reflection.Assembly> assemblies) { }
        public static aweXpect.Reflection.Collections.Filtered.Assemblies Assemblies(params System.Reflection.Assembly?[] assemblies) { }
        public static aweXpect.Reflection.Collections.Filtered.Assemblies AssemblyContaining(System.Type type) { }
        public static aweXpect.Reflection.Collections.Filtered.Assemblies AssemblyContaining<TType>() { }
        public static aweXpect.Reflection.Collections.Filtered.Assemblies EntryAssembly() { }
        public static aweXpect.Reflection.Collections.Filtered.Assemblies ExecutingAssembly() { }
    }
    public static class ThatType
    {
        public static aweXpect.Results.AndOrResult<System.Type?, aweXpect.Core.IThat<System.Type?>> Has<TAttribute>(this aweXpect.Core.IThat<System.Type?> subject, bool inherit = true)
            where TAttribute : System.Attribute { }
        public static aweXpect.Results.AndOrResult<System.Type?, aweXpect.Core.IThat<System.Type?>> Has<TAttribute>(this aweXpect.Core.IThat<System.Type?> subject, System.Func<TAttribute, bool>? predicate, bool inherit = true, [System.Runtime.CompilerServices.CallerArgumentExpression("predicate")] string doNotPopulateThisValue = "")
            where TAttribute : System.Attribute { }
        public static aweXpect.Results.StringEqualityTypeResult<System.Type?, aweXpect.Core.IThat<System.Type?>> HasName(this aweXpect.Core.IThat<System.Type?> subject, string expected) { }
        public static aweXpect.Results.StringEqualityTypeResult<System.Type?, aweXpect.Core.IThat<System.Type?>> HasNamespace(this aweXpect.Core.IThat<System.Type?> subject, string expected) { }
        public static aweXpect.Results.AndOrResult<System.Type?, aweXpect.Core.IThat<System.Type?>> IsAClass(this aweXpect.Core.IThat<System.Type?> subject) { }
        public static aweXpect.Results.AndOrResult<System.Type?, aweXpect.Core.IThat<System.Type?>> IsAbstract(this aweXpect.Core.IThat<System.Type?> subject) { }
        public static aweXpect.Results.AndOrResult<System.Type?, aweXpect.Core.IThat<System.Type?>> IsAnInterface(this aweXpect.Core.IThat<System.Type?> subject) { }
        public static aweXpect.Results.AndOrResult<System.Type?, aweXpect.Core.IThat<System.Type?>> IsGeneric(this aweXpect.Core.IThat<System.Type?> subject) { }
        public static aweXpect.Results.AndOrResult<System.Type?, aweXpect.Core.IThat<System.Type?>> IsNested(this aweXpect.Core.IThat<System.Type?> subject) { }
        public static aweXpect.Results.AndOrResult<System.Type?, aweXpect.Core.IThat<System.Type?>> IsNotAClass(this aweXpect.Core.IThat<System.Type?> subject) { }
        public static aweXpect.Results.AndOrResult<System.Type?, aweXpect.Core.IThat<System.Type?>> IsNotAbstract(this aweXpect.Core.IThat<System.Type?> subject) { }
        public static aweXpect.Results.AndOrResult<System.Type?, aweXpect.Core.IThat<System.Type?>> IsNotAnInterface(this aweXpect.Core.IThat<System.Type?> subject) { }
        public static aweXpect.Results.AndOrResult<System.Type?, aweXpect.Core.IThat<System.Type?>> IsNotGeneric(this aweXpect.Core.IThat<System.Type?> subject) { }
        public static aweXpect.Results.AndOrResult<System.Type?, aweXpect.Core.IThat<System.Type?>> IsNotNested(this aweXpect.Core.IThat<System.Type?> subject) { }
        public static aweXpect.Results.AndOrResult<System.Type?, aweXpect.Core.IThat<System.Type?>> IsNotSealed(this aweXpect.Core.IThat<System.Type?> subject) { }
        public static aweXpect.Results.AndOrResult<System.Type?, aweXpect.Core.IThat<System.Type?>> IsNotStatic(this aweXpect.Core.IThat<System.Type?> subject) { }
        public static aweXpect.Results.AndOrResult<System.Type?, aweXpect.Core.IThat<System.Type?>> IsSealed(this aweXpect.Core.IThat<System.Type?> subject) { }
        public static aweXpect.Results.AndOrResult<System.Type?, aweXpect.Core.IThat<System.Type?>> IsStatic(this aweXpect.Core.IThat<System.Type?> subject) { }
    }
    public static class ThatTypes
    {
        public static aweXpect.Results.AndOrResult<System.Collections.Generic.IEnumerable<System.Type>, aweXpect.Core.IThat<System.Collections.Generic.IEnumerable<System.Type>>> AreAbstract(this aweXpect.Core.IThat<System.Collections.Generic.IEnumerable<System.Type>> subject) { }
        public static aweXpect.Results.AndOrResult<System.Collections.Generic.IEnumerable<System.Type>, aweXpect.Core.IThat<System.Collections.Generic.IEnumerable<System.Type>>> AreGeneric(this aweXpect.Core.IThat<System.Collections.Generic.IEnumerable<System.Type>> subject) { }
        public static aweXpect.Results.AndOrResult<System.Collections.Generic.IEnumerable<System.Type>, aweXpect.Core.IThat<System.Collections.Generic.IEnumerable<System.Type>>> AreNested(this aweXpect.Core.IThat<System.Collections.Generic.IEnumerable<System.Type>> subject) { }
        public static aweXpect.Results.AndOrResult<System.Collections.Generic.IEnumerable<System.Type>, aweXpect.Core.IThat<System.Collections.Generic.IEnumerable<System.Type>>> AreNotAbstract(this aweXpect.Core.IThat<System.Collections.Generic.IEnumerable<System.Type>> subject) { }
        public static aweXpect.Results.AndOrResult<System.Collections.Generic.IEnumerable<System.Type>, aweXpect.Core.IThat<System.Collections.Generic.IEnumerable<System.Type>>> AreNotGeneric(this aweXpect.Core.IThat<System.Collections.Generic.IEnumerable<System.Type>> subject) { }
        public static aweXpect.Results.AndOrResult<System.Collections.Generic.IEnumerable<System.Type>, aweXpect.Core.IThat<System.Collections.Generic.IEnumerable<System.Type>>> AreNotNested(this aweXpect.Core.IThat<System.Collections.Generic.IEnumerable<System.Type>> subject) { }
        public static aweXpect.Results.AndOrResult<System.Collections.Generic.IEnumerable<System.Type>, aweXpect.Core.IThat<System.Collections.Generic.IEnumerable<System.Type>>> AreNotSealed(this aweXpect.Core.IThat<System.Collections.Generic.IEnumerable<System.Type>> subject) { }
        public static aweXpect.Results.AndOrResult<System.Collections.Generic.IEnumerable<System.Type>, aweXpect.Core.IThat<System.Collections.Generic.IEnumerable<System.Type>>> AreNotStatic(this aweXpect.Core.IThat<System.Collections.Generic.IEnumerable<System.Type>> subject) { }
        public static aweXpect.Results.AndOrResult<System.Collections.Generic.IEnumerable<System.Type>, aweXpect.Core.IThat<System.Collections.Generic.IEnumerable<System.Type>>> AreSealed(this aweXpect.Core.IThat<System.Collections.Generic.IEnumerable<System.Type>> subject) { }
        public static aweXpect.Results.AndOrResult<System.Collections.Generic.IEnumerable<System.Type>, aweXpect.Core.IThat<System.Collections.Generic.IEnumerable<System.Type>>> AreStatic(this aweXpect.Core.IThat<System.Collections.Generic.IEnumerable<System.Type>> subject) { }
        public static aweXpect.Results.AndOrResult<System.Collections.Generic.IEnumerable<System.Type>, aweXpect.Core.IThat<System.Collections.Generic.IEnumerable<System.Type>>> Have<TAttribute>(this aweXpect.Core.IThat<System.Collections.Generic.IEnumerable<System.Type>> subject, bool inherit = true)
            where TAttribute : System.Attribute { }
        public static aweXpect.Results.AndOrResult<System.Collections.Generic.IEnumerable<System.Type>, aweXpect.Core.IThat<System.Collections.Generic.IEnumerable<System.Type>>> Have<TAttribute>(this aweXpect.Core.IThat<System.Collections.Generic.IEnumerable<System.Type>> subject, System.Func<TAttribute, bool>? predicate, bool inherit = true, [System.Runtime.CompilerServices.CallerArgumentExpression("predicate")] string doNotPopulateThisValue = "")
            where TAttribute : System.Attribute { }
        public static aweXpect.Results.StringEqualityTypeResult<System.Collections.Generic.IEnumerable<System.Type>, aweXpect.Core.IThat<System.Collections.Generic.IEnumerable<System.Type>>> HaveName(this aweXpect.Core.IThat<System.Collections.Generic.IEnumerable<System.Type>> subject, string expected) { }
        public static aweXpect.Results.StringEqualityTypeResult<System.Collections.Generic.IEnumerable<System.Type>, aweXpect.Core.IThat<System.Collections.Generic.IEnumerable<System.Type>>> HaveNamespace(this aweXpect.Core.IThat<System.Collections.Generic.IEnumerable<System.Type>> subject, string expected) { }
    }
}